FINISHED memory_fly_seed1
FINISHED memory_rewired_seed0
FINISHED memory_fly_seed2
FINISHED memory_fly_seed0
FINISHED memory_frozen_seed1
FINISHED memory_frozen_seed0
FINISHED memory_rewired_seed1
FINISHED memory_rewired_seed2
FINISHED memory_no_edges_seed0
FINISHED memory_frozen_seed2
FINISHED memory_mlp_seed0
FINISHED memory_mlp_seed1
FINISHED memory_no_edges_seed1
FINISHED memory_no_edges_seed2
FINISHED memory_mlp_seed2
FINISHED pooled_fly_seed0
FINISHED pooled_mlp_seed0
FINISHED pooled_fly_seed1
FINISHED pooled_fly_seed2
FINISHED pooled_mlp_seed1
FINISHED pooled_mlp_seed2
